// Jest Snapshot v1, https://goo.gl/fbAQLP

exports[`<RowItem /> Does not explode 1`] = `
<View
  accessible={true}
  focusable={true}
  onClick={[Function]}
  onResponderGrant={[Function]}
  onResponderMove={[Function]}
  onResponderRelease={[Function]}
  onResponderTerminate={[Function]}
  onResponderTerminationRequest={[Function]}
  onStartShouldSetResponder={[Function]}
  style={
    Object {
      "alignItems": "center",
      "backgroundColor": "#8499a2",
      "flexDirection": "row",
      "justifyContent": "space-between",
      "opacity": 1,
      "paddingHorizontal": 20,
      "paddingVertical": 16,
    }
  }
>
  <Text
    style={
      Object {
        "color": "#eaedef",
        "fontSize": 16,
      }
    }
  >
    test
  </Text>
</View>
`;

exports[`<RowSeparator /> Does not explode 1`] = `
<View
  style={
    Object {
      "height": 0.5,
    }
  }
/>
`;
