// Jest Snapshot v1, https://goo.gl/fbAQLP

exports[`<KeyboardSpacer /> Does not explode 1`] = `
<View
  style={
    Array [
      Object {
        "bottom": 0,
        "left": 0,
        "right": 0,
      },
      Object {
        "height": 0,
      },
      Object {},
    ]
  }
/>
`;
