// Jest Snapshot v1, https://goo.gl/fbAQLP

exports[`<Themes /> Does not explode 1`] = `
<View
  style={
    Object {
      "backgroundColor": "#4f6d7a",
      "flex": 1,
    }
  }
>
  <View
    style={
      Array [
        Object {},
        Object {
          "backgroundColor": "#36505d",
        },
      ]
    }
  >
    <View
      style={
        Array [
          Object {
            "height": 20,
          },
          Object {
            "backgroundColor": "#36505d",
          },
        ]
      }
    />
    <View
      style={
        Array [
          Object {
            "display": "flex",
            "flexDirection": "row",
            "flexGrow": 1,
            "justifyContent": "space-between",
            "paddingBottom": 12,
            "paddingTop": 12,
          },
          Object {
            "backgroundColor": "#36505d",
          },
        ]
      }
    >
      <View
        style={
          Object {
            "alignItems": "flex-start",
            "justifyContent": "center",
            "paddingLeft": 6,
            "width": 250,
          }
        }
      >
        <RNGestureHandlerButton
          collapsable={false}
          onGestureEvent={[Function]}
          onGestureHandlerEvent={[Function]}
          onGestureHandlerStateChange={[Function]}
          onHandlerStateChange={[Function]}
          rippleColor={0}
          testID="back"
        >
          <View
            accessible={true}
            style={
              Object {
                "display": "flex",
                "flexDirection": "row",
                "opacity": 1,
              }
            }
          >
            <Text
              allowFontScaling={false}
              style={
                Array [
                  Object {
                    "color": "#eaedef",
                    "fontSize": 16,
                  },
                  undefined,
                  Object {
                    "fontFamily": "Entypo",
                    "fontStyle": "normal",
                    "fontWeight": "normal",
                  },
                  Object {},
                ]
              }
            >
              ï…‚
            </Text>
            <Text
              style={
                Object {
                  "color": "#eaedef",
                  "fontSize": 18,
                  "lineHeight": 18,
                }
              }
            >
              common.back
            </Text>
          </View>
        </RNGestureHandlerButton>
      </View>
      <View
        style={
          Object {
            "alignItems": "center",
            "backgroundColor": "#36505d",
            "justifyContent": "center",
            "width": 250,
          }
        }
      >
        <Text
          ellipsizeMode="tail"
          numberOfLines={1}
          style={
            Object {
              "color": "#eaedef",
              "fontSize": 18,
              "lineHeight": 18,
            }
          }
        >
          themes.title
        </Text>
      </View>
      <View
        style={
          Object {
            "alignItems": "flex-end",
            "justifyContent": "center",
            "paddingRight": 6,
            "width": 250,
          }
        }
      />
    </View>
  </View>
  <RCTSafeAreaView
    emulateUnlessSupported={true}
  >
    <RCTScrollView>
      <View>
        <View
          accessible={true}
          focusable={true}
          onClick={[Function]}
          onResponderGrant={[Function]}
          onResponderMove={[Function]}
          onResponderRelease={[Function]}
          onResponderTerminate={[Function]}
          onResponderTerminationRequest={[Function]}
          onStartShouldSetResponder={[Function]}
          style={
            Object {
              "alignItems": "center",
              "backgroundColor": "#8499a2",
              "flexDirection": "row",
              "justifyContent": "space-between",
              "opacity": 1,
              "paddingHorizontal": 20,
              "paddingVertical": 16,
            }
          }
          testID="theme-1"
        >
          <Text
            style={
              Object {
                "color": "#eaedef",
                "fontSize": 16,
              }
            }
          >
            themes.theme 1
          </Text>
          <View
            style={
              Object {
                "flexDirection": "row",
              }
            }
          >
            <View
              style={
                Object {
                  "backgroundColor": "#2fbe74",
                  "height": 20,
                  "width": 20,
                }
              }
            />
          </View>
        </View>
        <View
          style={
            Object {
              "height": 0.5,
            }
          }
        />
        <View
          accessible={true}
          focusable={true}
          onClick={[Function]}
          onResponderGrant={[Function]}
          onResponderMove={[Function]}
          onResponderRelease={[Function]}
          onResponderTerminate={[Function]}
          onResponderTerminationRequest={[Function]}
          onStartShouldSetResponder={[Function]}
          style={
            Object {
              "alignItems": "center",
              "backgroundColor": "#8499a2",
              "flexDirection": "row",
              "justifyContent": "space-between",
              "opacity": 1,
              "paddingHorizontal": 20,
              "paddingVertical": 16,
            }
          }
          testID="theme-2"
        >
          <Text
            style={
              Object {
                "color": "#eaedef",
                "fontSize": 16,
              }
            }
          >
            themes.theme 2
          </Text>
          <View
            style={
              Object {
                "flexDirection": "row",
              }
            }
          >
            <View
              style={
                Object {
                  "backgroundColor": "#8b50da",
                  "height": 20,
                  "width": 20,
                }
              }
            />
          </View>
        </View>
        <View
          style={
            Object {
              "height": 0.5,
            }
          }
        />
        <View
          accessible={true}
          focusable={true}
          onClick={[Function]}
          onResponderGrant={[Function]}
          onResponderMove={[Function]}
          onResponderRelease={[Function]}
          onResponderTerminate={[Function]}
          onResponderTerminationRequest={[Function]}
          onStartShouldSetResponder={[Function]}
          style={
            Object {
              "alignItems": "center",
              "backgroundColor": "#8499a2",
              "flexDirection": "row",
              "justifyContent": "space-between",
              "opacity": 1,
              "paddingHorizontal": 20,
              "paddingVertical": 16,
            }
          }
          testID="theme-3"
        >
          <Text
            style={
              Object {
                "color": "#eaedef",
                "fontSize": 16,
              }
            }
          >
            themes.theme 3
          </Text>
          <View
            style={
              Object {
                "flexDirection": "row",
              }
            }
          >
            <View
              style={
                Object {
                  "backgroundColor": "#f69400",
                  "height": 20,
                  "width": 20,
                }
              }
            />
          </View>
        </View>
        <View
          style={
            Object {
              "height": 0.5,
            }
          }
        />
        <View
          accessible={true}
          focusable={true}
          onClick={[Function]}
          onResponderGrant={[Function]}
          onResponderMove={[Function]}
          onResponderRelease={[Function]}
          onResponderTerminate={[Function]}
          onResponderTerminationRequest={[Function]}
          onStartShouldSetResponder={[Function]}
          style={
            Object {
              "alignItems": "center",
              "backgroundColor": "#8499a2",
              "flexDirection": "row",
              "justifyContent": "space-between",
              "opacity": 1,
              "paddingHorizontal": 20,
              "paddingVertical": 16,
            }
          }
          testID="theme-4"
        >
          <Text
            style={
              Object {
                "color": "#eaedef",
                "fontSize": 16,
              }
            }
          >
            themes.theme 4
          </Text>
          <View
            style={
              Object {
                "flexDirection": "row",
              }
            }
          >
            <View
              style={
                Object {
                  "backgroundColor": "#000000",
                  "height": 20,
                  "width": 20,
                }
              }
            />
          </View>
        </View>
        <View
          style={
            Object {
              "height": 0.5,
            }
          }
        />
        <View
          accessible={true}
          focusable={true}
          onClick={[Function]}
          onResponderGrant={[Function]}
          onResponderMove={[Function]}
          onResponderRelease={[Function]}
          onResponderTerminate={[Function]}
          onResponderTerminationRequest={[Function]}
          onStartShouldSetResponder={[Function]}
          style={
            Object {
              "alignItems": "center",
              "backgroundColor": "#8499a2",
              "flexDirection": "row",
              "justifyContent": "space-between",
              "opacity": 1,
              "paddingHorizontal": 20,
              "paddingVertical": 16,
            }
          }
          testID="theme-5"
        >
          <Text
            style={
              Object {
                "color": "#eaedef",
                "fontSize": 16,
              }
            }
          >
            themes.theme 5
          </Text>
          <View
            style={
              Object {
                "flexDirection": "row",
              }
            }
          >
            <View
              style={
                Object {
                  "marginRight": 12,
                }
              }
            >
              <Text
                allowFontScaling={false}
                style={
                  Array [
                    Object {
                      "color": "#eaedef",
                      "fontSize": 20,
                    },
                    undefined,
                    Object {
                      "fontFamily": "Entypo",
                      "fontStyle": "normal",
                      "fontWeight": "normal",
                    },
                    Object {},
                  ]
                }
              >
                ï…€
              </Text>
            </View>
            <View
              style={
                Object {
                  "backgroundColor": "#4f6d7a",
                  "height": 20,
                  "width": 20,
                }
              }
            />
          </View>
        </View>
        <View
          style={
            Object {
              "height": 0.5,
            }
          }
        />
      </View>
    </RCTScrollView>
  </RCTSafeAreaView>
</View>
`;
